Archive member included to satisfy reference by file (symbol)

C:/ST/STM32CubeIDE_1.9.0/STM32CubeIDE/plugins/com.st.stm32cube.ide.mcu.externaltools.gnu-tools-for-stm32.11.3.rel1.win32_1.1.1.202309131626/tools/bin/../lib/gcc/arm-none-eabi/11.3.1/../../../../arm-none-eabi/lib/thumb/v6-m/nofp\libc_nano.a(libc_a-exit.o)
                              C:/ST/STM32CubeIDE_1.9.0/STM32CubeIDE/plugins/com.st.stm32cube.ide.mcu.externaltools.gnu-tools-for-stm32.11.3.rel1.win32_1.1.1.202309131626/tools/bin/../lib/gcc/arm-none-eabi/11.3.1/../../../../arm-none-eabi/lib/thumb/v6-m/nofp/crt0.o (exit)
C:/ST/STM32CubeIDE_1.9.0/STM32CubeIDE/plugins/com.st.stm32cube.ide.mcu.externaltools.gnu-tools-for-stm32.11.3.rel1.win32_1.1.1.202309131626/tools/bin/../lib/gcc/arm-none-eabi/11.3.1/../../../../arm-none-eabi/lib/thumb/v6-m/nofp\libc_nano.a(libc_a-findfp.o)
                              C:/ST/STM32CubeIDE_1.9.0/STM32CubeIDE/plugins/com.st.stm32cube.ide.mcu.externaltools.gnu-tools-for-stm32.11.3.rel1.win32_1.1.1.202309131626/tools/bin/../lib/gcc/arm-none-eabi/11.3.1/../../../../arm-none-eabi/lib/thumb/v6-m/nofp\libc_nano.a(libc_a-exit.o) (__stdio_exit_handler)
C:/ST/STM32CubeIDE_1.9.0/STM32CubeIDE/plugins/com.st.stm32cube.ide.mcu.externaltools.gnu-tools-for-stm32.11.3.rel1.win32_1.1.1.202309131626/tools/bin/../lib/gcc/arm-none-eabi/11.3.1/../../../../arm-none-eabi/lib/thumb/v6-m/nofp\libc_nano.a(libc_a-fwalk.o)
                              C:/ST/STM32CubeIDE_1.9.0/STM32CubeIDE/plugins/com.st.stm32cube.ide.mcu.externaltools.gnu-tools-for-stm32.11.3.rel1.win32_1.1.1.202309131626/tools/bin/../lib/gcc/arm-none-eabi/11.3.1/../../../../arm-none-eabi/lib/thumb/v6-m/nofp\libc_nano.a(libc_a-findfp.o) (_fwalk_sglue)
C:/ST/STM32CubeIDE_1.9.0/STM32CubeIDE/plugins/com.st.stm32cube.ide.mcu.externaltools.gnu-tools-for-stm32.11.3.rel1.win32_1.1.1.202309131626/tools/bin/../lib/gcc/arm-none-eabi/11.3.1/../../../../arm-none-eabi/lib/thumb/v6-m/nofp\libc_nano.a(libc_a-stdio.o)
                              C:/ST/STM32CubeIDE_1.9.0/STM32CubeIDE/plugins/com.st.stm32cube.ide.mcu.externaltools.gnu-tools-for-stm32.11.3.rel1.win32_1.1.1.202309131626/tools/bin/../lib/gcc/arm-none-eabi/11.3.1/../../../../arm-none-eabi/lib/thumb/v6-m/nofp\libc_nano.a(libc_a-findfp.o) (__sread)
C:/ST/STM32CubeIDE_1.9.0/STM32CubeIDE/plugins/com.st.stm32cube.ide.mcu.externaltools.gnu-tools-for-stm32.11.3.rel1.win32_1.1.1.202309131626/tools/bin/../lib/gcc/arm-none-eabi/11.3.1/../../../../arm-none-eabi/lib/thumb/v6-m/nofp\libc_nano.a(libc_a-memset.o)
                              C:/ST/STM32CubeIDE_1.9.0/STM32CubeIDE/plugins/com.st.stm32cube.ide.mcu.externaltools.gnu-tools-for-stm32.11.3.rel1.win32_1.1.1.202309131626/tools/bin/../lib/gcc/arm-none-eabi/11.3.1/../../../../arm-none-eabi/lib/thumb/v6-m/nofp/crt0.o (memset)
C:/ST/STM32CubeIDE_1.9.0/STM32CubeIDE/plugins/com.st.stm32cube.ide.mcu.externaltools.gnu-tools-for-stm32.11.3.rel1.win32_1.1.1.202309131626/tools/bin/../lib/gcc/arm-none-eabi/11.3.1/../../../../arm-none-eabi/lib/thumb/v6-m/nofp\libc_nano.a(libc_a-closer.o)
                              C:/ST/STM32CubeIDE_1.9.0/STM32CubeIDE/plugins/com.st.stm32cube.ide.mcu.externaltools.gnu-tools-for-stm32.11.3.rel1.win32_1.1.1.202309131626/tools/bin/../lib/gcc/arm-none-eabi/11.3.1/../../../../arm-none-eabi/lib/thumb/v6-m/nofp\libc_nano.a(libc_a-stdio.o) (_close_r)
C:/ST/STM32CubeIDE_1.9.0/STM32CubeIDE/plugins/com.st.stm32cube.ide.mcu.externaltools.gnu-tools-for-stm32.11.3.rel1.win32_1.1.1.202309131626/tools/bin/../lib/gcc/arm-none-eabi/11.3.1/../../../../arm-none-eabi/lib/thumb/v6-m/nofp\libc_nano.a(libc_a-reent.o)
                              C:/ST/STM32CubeIDE_1.9.0/STM32CubeIDE/plugins/com.st.stm32cube.ide.mcu.externaltools.gnu-tools-for-stm32.11.3.rel1.win32_1.1.1.202309131626/tools/bin/../lib/gcc/arm-none-eabi/11.3.1/../../../../arm-none-eabi/lib/thumb/v6-m/nofp\libc_nano.a(libc_a-closer.o) (errno)
C:/ST/STM32CubeIDE_1.9.0/STM32CubeIDE/plugins/com.st.stm32cube.ide.mcu.externaltools.gnu-tools-for-stm32.11.3.rel1.win32_1.1.1.202309131626/tools/bin/../lib/gcc/arm-none-eabi/11.3.1/../../../../arm-none-eabi/lib/thumb/v6-m/nofp\libc_nano.a(libc_a-impure.o)
                              C:/ST/STM32CubeIDE_1.9.0/STM32CubeIDE/plugins/com.st.stm32cube.ide.mcu.externaltools.gnu-tools-for-stm32.11.3.rel1.win32_1.1.1.202309131626/tools/bin/../lib/gcc/arm-none-eabi/11.3.1/../../../../arm-none-eabi/lib/thumb/v6-m/nofp\libc_nano.a(libc_a-reent.o) (_impure_ptr)
C:/ST/STM32CubeIDE_1.9.0/STM32CubeIDE/plugins/com.st.stm32cube.ide.mcu.externaltools.gnu-tools-for-stm32.11.3.rel1.win32_1.1.1.202309131626/tools/bin/../lib/gcc/arm-none-eabi/11.3.1/../../../../arm-none-eabi/lib/thumb/v6-m/nofp\libc_nano.a(libc_a-lseekr.o)
[...]
Memory Configuration

Name             Origin             Length             Attributes
RAM              0x0000000020000000 0x0000000000002000 xrw
FLASH            0x0000000008000000 0x0000000000008000 xr
*default*        0x0000000000000000 0xffffffffffffffff

Linker script and memory map

LOAD C:/ST/STM32CubeIDE_1.9.0/STM32CubeIDE/plugins/com.st.stm32cube.ide.mcu.externaltools.gnu-tools-for-stm32.11.3.rel1.win32_1.1.1.202309131626/tools/bin/../lib/gcc/arm-none-eabi/11.3.1/thumb/v6-m/nofp/crti.o
LOAD C:/ST/STM32CubeIDE_1.9.0/STM32CubeIDE/plugins/com.st.stm32cube.ide.mcu.externaltools.gnu-tools-for-stm32.11.3.rel1.win32_1.1.1.202309131626/tools/bin/../lib/gcc/arm-none-eabi/11.3.1/thumb/v6-m/nofp/crtbegin.o
LOAD C:/ST/STM32CubeIDE_1.9.0/STM32CubeIDE/plugins/com.st.stm32cube.ide.mcu.externaltools.gnu-tools-for-stm32.11.3.rel1.win32_1.1.1.202309131626/tools/bin/../lib/gcc/arm-none-eabi/11.3.1/../../../../arm-none-eabi/lib/thumb/v6-m/nofp/crt0.o
LOAD ./Core/Src/hal.o
LOAD ./Core/Src/main.o
LOAD ./Core/Src/stm32l0xx_hal_msp.o
LOAD ./Core/Src/stm32l0xx_it.o
LOAD ./Core/Src/syscalls.o
LOAD ./Core/Src/sysmem.o
LOAD ./Core/Src/system_stm32l0xx.o
LOAD ./Core/Src/tools.o
LOAD ./Core/Startup/startup_stm32l010c6tx.o
LOAD ./Drivers/STM32L0xx_HAL_Driver/Src/stm32l0xx_hal.o
LOAD ./Drivers/STM32L0xx_HAL_Driver/Src/stm32l0xx_hal_cortex.o
LOAD ./Drivers/STM32L0xx_HAL_Driver/Src/stm32l0xx_hal_dma.o
LOAD ./Drivers/STM32L0xx_HAL_Driver/Src/stm32l0xx_hal_exti.o
LOAD ./Drivers/STM32L0xx_HAL_Driver/Src/stm32l0xx_hal_flash.o
LOAD ./Drivers/STM32L0xx_HAL_Driver/Src/stm32l0xx_hal_flash_ex.o
LOAD ./Drivers/STM32L0xx_HAL_Driver/Src/stm32l0xx_hal_flash_ramfunc.o
LOAD ./Drivers/STM32L0xx_HAL_Driver/Src/stm32l0xx_hal_gpio.o
LOAD ./Drivers/STM32L0xx_HAL_Driver/Src/stm32l0xx_hal_i2c.o
LOAD ./Drivers/STM32L0xx_HAL_Driver/Src/stm32l0xx_hal_i2c_ex.o
LOAD ./Drivers/STM32L0xx_HAL_Driver/Src/stm32l0xx_hal_pwr.o
LOAD ./Drivers/STM32L0xx_HAL_Driver/Src/stm32l0xx_hal_pwr_ex.o
LOAD ./Drivers/STM32L0xx_HAL_Driver/Src/stm32l0xx_hal_rcc.o
LOAD ./Drivers/STM32L0xx_HAL_Driver/Src/stm32l0xx_hal_rcc_ex.o
LOAD ./Drivers/STM32L0xx_HAL_Driver/Src/stm32l0xx_hal_tim.o
LOAD ./Drivers/STM32L0xx_HAL_Driver/Src/stm32l0xx_hal_tim_ex.o
LOAD ./Drivers/STM32L0xx_HAL_Driver/Src/stm32l0xx_hal_uart.o
LOAD ./Drivers/STM32L0xx_HAL_Driver/Src/stm32l0xx_hal_uart_ex.o
START GROUP
LOAD C:/ST/STM32CubeIDE_1.9.0/STM32CubeIDE/plugins/com.st.stm32cube.ide.mcu.externaltools.gnu-tools-for-stm32.11.3.rel1.win32_1.1.1.202309131626/tools/bin/../lib/gcc/arm-none-eabi/11.3.1/../../../../arm-none-eabi/lib/thumb/v6-m/nofp\libc_nano.a
LOAD C:/ST/STM32CubeIDE_1.9.0/STM32CubeIDE/plugins/com.st.stm32cube.ide.mcu.externaltools.gnu-tools-for-stm32.11.3.rel1.win32_1.1.1.202309131626/tools/bin/../lib/gcc/arm-none-eabi/11.3.1/../../../../arm-none-eabi/lib/thumb/v6-m/nofp\libm.a
END GROUP
START GROUP
LOAD C:/ST/STM32CubeIDE_1.9.0/STM32CubeIDE/plugins/com.st.stm32cube.ide.mcu.externaltools.gnu-tools-for-stm32.11.3.rel1.win32_1.1.1.202309131626/tools/bin/../lib/gcc/arm-none-eabi/11.3.1/thumb/v6-m/nofp\libgcc.a
LOAD C:/ST/STM32CubeIDE_1.9.0/STM32CubeIDE/plugins/com.st.stm32cube.ide.mcu.externaltools.gnu-tools-for-stm32.11.3.rel1.win32_1.1.1.202309131626/tools/bin/../lib/gcc/arm-none-eabi/11.3.1/../../../../arm-none-eabi/lib/thumb/v6-m/nofp\libc_nano.a
END GROUP
START GROUP
LOAD C:/ST/STM32CubeIDE_1.9.0/STM32CubeIDE/plugins/com.st.stm32cube.ide.mcu.externaltools.gnu-tools-for-stm32.11.3.rel1.win32_1.1.1.202309131626/tools/bin/../lib/gcc/arm-none-eabi/11.3.1/thumb/v6-m/nofp\libgcc.a
LOAD C:/ST/STM32CubeIDE_1.9.0/STM32CubeIDE/plugins/com.st.stm32cube.ide.mcu.externaltools.gnu-tools-for-stm32.11.3.rel1.win32_1.1.1.202309131626/tools/bin/../lib/gcc/arm-none-eabi/11.3.1/../../../../arm-none-eabi/lib/thumb/v6-m/nofp\libc_nano.a
LOAD C:/ST/STM32CubeIDE_1.9.0/STM32CubeIDE/plugins/com.st.stm32cube.ide.mcu.externaltools.gnu-tools-for-stm32.11.3.rel1.win32_1.1.1.202309131626/tools/bin/../lib/gcc/arm-none-eabi/11.3.1/../../../../arm-none-eabi/lib/thumb/v6-m/nofp\libnosys.a
END GROUP
START GROUP
LOAD C:/ST/STM32CubeIDE_1.9.0/STM32CubeIDE/plugins/com.st.stm32cube.ide.mcu.externaltools.gnu-tools-for-stm32.11.3.rel1.win32_1.1.1.202309131626/tools/bin/../lib/gcc/arm-none-eabi/11.3.1/thumb/v6-m/nofp\libgcc.a
LOAD C:/ST/STM32CubeIDE_1.9.0/STM32CubeIDE/plugins/com.st.stm32cube.ide.mcu.externaltools.gnu-tools-for-stm32.11.3.rel1.win32_1.1.1.202309131626/tools/bin/../lib/gcc/arm-none-eabi/11.3.1/../../../../arm-none-eabi/lib/thumb/v6-m/nofp\libc_nano.a
LOAD C:/ST/STM32CubeIDE_1.9.0/STM32CubeIDE/plugins/com.st.stm32cube.ide.mcu.externaltools.gnu-tools-for-stm32.11.3.rel1.win32_1.1.1.202309131626/tools/bin/../lib/gcc/arm-none-eabi/11.3.1/../../../../arm-none-eabi/lib/thumb/v6-m/nofp\libnosys.a
END GROUP
LOAD C:/ST/STM32CubeIDE_1.9.0/STM32CubeIDE/plugins/com.st.stm32cube.ide.mcu.externaltools.gnu-tools-for-stm32.11.3.rel1.win32_1.1.1.202309131626/tools/bin/../lib/gcc/arm-none-eabi/11.3.1/thumb/v6-m/nofp/crtend.o
LOAD C:/ST/STM32CubeIDE_1.9.0/STM32CubeIDE/plugins/com.st.stm32cube.ide.mcu.externaltools.gnu-tools-for-stm32.11.3.rel1.win32_1.1.1.202309131626/tools/bin/../lib/gcc/arm-none-eabi/11.3.1/thumb/v6-m/nofp/crtn.o
                0x0000000020002000                _estack = (ORIGIN (RAM) + LENGTH (RAM))
                0x0000000000000200                _Min_Heap_Size = 0x200
                0x0000000000000400                _Min_Stack_Size = 0x400

.isr_vector     0x0000000008000000       0xc0
                0x0000000008000000                . = ALIGN (0x4)
 *(.isr_vector)
 .isr_vector    0x0000000008000000       0xc0 ./Core/Startup/startup_stm32l010c6tx.o
                0x0000000008000000                g_pfnVectors
                0x00000000080000c0                . = ALIGN (0x4)

.text           0x00000000080000c0     0x2564
                0x00000000080000c0                . = ALIGN (0x4)
 *(.text)
 .text          0x00000000080000c0       0x48 C:/ST/STM32CubeIDE_1.9.0/STM32CubeIDE/plugins/com.st.stm32cube.ide.mcu.externaltools.gnu-tools-for-stm32.11.3.rel1.win32_1.1.1.202309131626/tools/bin/../lib/gcc/arm-none-eabi/11.3.1/thumb/v6-m/nofp/crtbegin.o
 .text          0x0000000008000108      0x114 C:/ST/STM32CubeIDE_1.9.0/STM32CubeIDE/plugins/com.st.stm32cube.ide.mcu.externaltools.gnu-tools-for-stm32.11.3.rel1.win32_1.1.1.202309131626/tools/bin/../lib/gcc/arm-none-eabi/11.3.1/thumb/v6-m/nofp\libgcc.a(_udivsi3.o)
                0x0000000008000108                __aeabi_uidiv
                0x0000000008000108                __udivsi3
                0x0000000008000214                __aeabi_uidivmod
 .text          0x000000000800021c        0x4 C:/ST/STM32CubeIDE_1.9.0/STM32CubeIDE/plugins/com.st.stm32cube.ide.mcu.externaltools.gnu-tools-for-stm32.11.3.rel1.win32_1.1.1.202309131626/tools/bin/../lib/gcc/arm-none-eabi/11.3.1/thumb/v6-m/nofp\libgcc.a(_dvmd_tls.o)
                0x000000000800021c                __aeabi_idiv0
                0x000000000800021c                __aeabi_ldiv0
 .text          0x0000000008000220       0x40 C:/ST/STM32CubeIDE_1.9.0/STM32CubeIDE/plugins/com.st.stm32cube.ide.mcu.externaltools.gnu-tools-for-stm32.11.3.rel1.win32_1.1.1.202309131626/tools/bin/../lib/gcc/arm-none-eabi/11.3.1/thumb/v6-m/nofp\libgcc.a(_aeabi_uldivmod.o)
                0x0000000008000220                __aeabi_uldivmod
 .text          0x0000000008000260       0x5c C:/ST/STM32CubeIDE_1.9.0/STM32CubeIDE/plugins/com.st.stm32cube.ide.mcu.externaltools.gnu-tools-for-stm32.11.3.rel1.win32_1.1.1.202309131626/tools/bin/../lib/gcc/arm-none-eabi/11.3.1/thumb/v6-m/nofp\libgcc.a(_muldi3.o)
                0x0000000008000260                __muldi3
                0x0000000008000260                __aeabi_lmul
 .text          0x00000000080002bc      0x198 C:/ST/STM32CubeIDE_1.9.0/STM32CubeIDE/plugins/com.st.stm32cube.ide.mcu.externaltools.gnu-tools-for-stm32.11.3.rel1.win32_1.1.1.202309131626/tools/bin/../lib/gcc/arm-none-eabi/11.3.1/thumb/v6-m/nofp\libgcc.a(_udivmoddi4.o)
                0x00000000080002bc                __udivmoddi4
 .text          0x0000000008000454       0x18 C:/ST/STM32CubeIDE_1.9.0/STM32CubeIDE/plugins/com.st.stm32cube.ide.mcu.externaltools.gnu-tools-for-stm32.11.3.rel1.win32_1.1.1.202309131626/tools/bin/../lib/gcc/arm-none-eabi/11.3.1/thumb/v6-m/nofp\libgcc.a(_clzdi2.o)
                0x0000000008000454                __clzdi2
 .text          0x000000000800046c       0x3c C:/ST/STM32CubeIDE_1.9.0/STM32CubeIDE/plugins/com.st.stm32cube.ide.mcu.externaltools.gnu-tools-for-stm32.11.3.rel1.win32_1.1.1.202309131626/tools/bin/../lib/gcc/arm-none-eabi/11.3.1/thumb/v6-m/nofp\libgcc.a(_clzsi2.o)
                0x000000000800046c                __clzsi2
 *(.text*)
 .text.HAL_millis_U32
                0x00000000080004a8       0x10 ./Core/Src/hal.o
                0x00000000080004a8                HAL_millis_U32
 .text.main     0x00000000080004b8       0x64 ./Core/Src/main.o
                0x00000000080004b8                main
 .text.SystemClock_Config
                0x000000000800051c       0xd8 ./Core/Src/main.o
                0x000000000800051c                SystemClock_Config
 .text.MX_USART2_UART_Init
                0x00000000080005f4       0x60 ./Core/Src/main.o
 .text.MX_GPIO_Init
                0x0000000008000654      0x160 ./Core/Src/main.o
 .text.Error_Handler
                0x00000000080007b4        0xa ./Core/Src/main.o
                0x00000000080007b4                Error_Handler
 *fill*         0x00000000080007be        0x2 
 .text.HAL_MspInit
                0x00000000080007c0       0x28 ./Core/Src/stm32l0xx_hal_msp.o
                0x00000000080007c0                HAL_MspInit
 .text.HAL_UART_MspInit
                0x00000000080007e8       0x88 ./Core/Src/stm32l0xx_hal_msp.o
                0x00000000080007e8                HAL_UART_MspInit
 .text.NMI_Handler
                0x0000000008000870        0x6 ./Core/Src/stm32l0xx_it.o
                0x0000000008000870                NMI_Handler
 .text.HardFault_Handler
                0x0000000008000876        0x6 ./Core/Src/stm32l0xx_it.o
                0x0000000008000876                HardFault_Handler
 .text.SVC_Handler
                0x000000000800087c        0xa ./Core/Src/stm32l0xx_it.o
                0x000000000800087c                SVC_Handler
 .text.PendSV_Handler
                0x0000000008000886        0xa ./Core/Src/stm32l0xx_it.o
                0x0000000008000886                PendSV_Handler
 .text.SysTick_Handler
                0x0000000008000890        0xe ./Core/Src/stm32l0xx_it.o
                0x0000000008000890                SysTick_Handler
 .text.SystemInit
                0x000000000800089e        0xa ./Core/Src/system_stm32l0xx.o
                0x000000000800089e                SystemInit
 .text.Reset_Handler
                0x00000000080008a8       0x80 ./Core/Startup/startup_stm32l010c6tx.o
                0x00000000080008a8                Reset_Handler
 .text.Default_Handler
                0x0000000008000928        0x2 ./Core/Startup/startup_stm32l010c6tx.o
                0x0000000008000928                I2C1_IRQHandler
                0x0000000008000928                SPI1_IRQHandler
                0x0000000008000928                EXTI2_3_IRQHandler
                0x0000000008000928                ADC1_IRQHandler
                0x0000000008000928                RTC_IRQHandler
                0x0000000008000928                DMA1_Channel4_5_6_7_IRQHandler
                0x0000000008000928                EXTI4_15_IRQHandler
                0x0000000008000928                RCC_IRQHandler
                0x0000000008000928                DMA1_Channel1_IRQHandler
                0x0000000008000928                Default_Handler
                0x0000000008000928                EXTI0_1_IRQHandler
                0x0000000008000928                TIM21_IRQHandler
                0x0000000008000928                WWDG_IRQHandler
                0x0000000008000928                LPUART1_IRQHandler
                0x0000000008000928                TIM2_IRQHandler
                0x0000000008000928                DMA1_Channel2_3_IRQHandler
                0x0000000008000928                USART2_IRQHandler
                0x0000000008000928                FLASH_IRQHandler
                0x0000000008000928                LPTIM1_IRQHandler
 *fill*         0x000000000800092a        0x2 
 .text.HAL_Init
                0x000000000800092c       0x40 ./Drivers/STM32L0xx_HAL_Driver/Src/stm32l0xx_hal.o
                0x000000000800092c                HAL_Init
 .text.HAL_InitTick
                0x000000000800096c       0x68 ./Drivers/STM32L0xx_HAL_Driver/Src/stm32l0xx_hal.o
                0x000000000800096c                HAL_InitTick
 .text.HAL_IncTick
                0x00000000080009d4       0x24 ./Drivers/STM32L0xx_HAL_Driver/Src/stm32l0xx_hal.o
                0x00000000080009d4                HAL_IncTick
 .text.HAL_GetTick
                0x00000000080009f8       0x14 ./Drivers/STM32L0xx_HAL_Driver/Src/stm32l0xx_hal.o
                0x00000000080009f8                HAL_GetTick
 .text.__NVIC_SetPriority
                0x0000000008000a0c       0xdc ./Drivers/STM32L0xx_HAL_Driver/Src/stm32l0xx_hal_cortex.o
 .text.SysTick_Config
                0x0000000008000ae8       0x48 ./Drivers/STM32L0xx_HAL_Driver/Src/stm32l0xx_hal_cortex.o
 .text.HAL_NVIC_SetPriority
                0x0000000008000b30       0x2a ./Drivers/STM32L0xx_HAL_Driver/Src/stm32l0xx_hal_cortex.o
                0x0000000008000b30                HAL_NVIC_SetPriority
 .text.HAL_SYSTICK_Config
                0x0000000008000b5a       0x1a ./Drivers/STM32L0xx_HAL_Driver/Src/stm32l0xx_hal_cortex.o
                0x0000000008000b5a                HAL_SYSTICK_Config
 .text.HAL_GPIO_Init
                0x0000000008000b74      0x2dc ./Drivers/STM32L0xx_HAL_Driver/Src/stm32l0xx_hal_gpio.o
                0x0000000008000b74                HAL_GPIO_Init
 .text.HAL_GPIO_WritePin
                0x0000000008000e50       0x3a ./Drivers/STM32L0xx_HAL_Driver/Src/stm32l0xx_hal_gpio.o
                0x0000000008000e50                HAL_GPIO_WritePin
 *fill*         0x0000000008000e8a        0x2 
 .text.HAL_RCC_OscConfig
                0x0000000008000e8c      0x6f8 ./Drivers/STM32L0xx_HAL_Driver/Src/stm32l0xx_hal_rcc.o
                0x0000000008000e8c                HAL_RCC_OscConfig
 .text.HAL_RCC_ClockConfig
                0x0000000008001584      0x290 ./Drivers/STM32L0xx_HAL_Driver/Src/stm32l0xx_hal_rcc.o
                0x0000000008001584                HAL_RCC_ClockConfig
 .text.HAL_RCC_GetSysClockFreq
                0x0000000008001814      0x14c ./Drivers/STM32L0xx_HAL_Driver/Src/stm32l0xx_hal_rcc.o
                0x0000000008001814                HAL_RCC_GetSysClockFreq
 .text.HAL_RCC_GetHCLKFreq
                0x0000000008001960       0x14 ./Drivers/STM32L0xx_HAL_Driver/Src/stm32l0xx_hal_rcc.o
                0x0000000008001960                HAL_RCC_GetHCLKFreq
 .text.HAL_RCC_GetPCLK1Freq
                0x0000000008001974       0x2c ./Drivers/STM32L0xx_HAL_Driver/Src/stm32l0xx_hal_rcc.o
                0x0000000008001974                HAL_RCC_GetPCLK1Freq
 .text.HAL_RCC_GetPCLK2Freq
                0x00000000080019a0       0x2c ./Drivers/STM32L0xx_HAL_Driver/Src/stm32l0xx_hal_rcc.o
                0x00000000080019a0                HAL_RCC_GetPCLK2Freq
 .text.HAL_RCCEx_PeriphCLKConfig
                0x00000000080019cc      0x258 ./Drivers/STM32L0xx_HAL_Driver/Src/stm32l0xx_hal_rcc_ex.o
                0x00000000080019cc                HAL_RCCEx_PeriphCLKConfig
 .text.HAL_UART_Init
                0x0000000008001c24       0xa8 ./Drivers/STM32L0xx_HAL_Driver/Src/stm32l0xx_hal_uart.o
                0x0000000008001c24                HAL_UART_Init
 .text.UART_SetConfig
                0x0000000008001ccc      0x494 ./Drivers/STM32L0xx_HAL_Driver/Src/stm32l0xx_hal_uart.o
                0x0000000008001ccc                UART_SetConfig
 .text.UART_AdvFeatureConfig
                0x0000000008002160      0x168 ./Drivers/STM32L0xx_HAL_Driver/Src/stm32l0xx_hal_uart.o
                0x0000000008002160                UART_AdvFeatureConfig
 .text.UART_CheckIdleState
                0x00000000080022c8      0x150 ./Drivers/STM32L0xx_HAL_Driver/Src/stm32l0xx_hal_uart.o
                0x00000000080022c8                UART_CheckIdleState
 .text.UART_WaitOnFlagUntilTimeout
                0x0000000008002418       0xd2 ./Drivers/STM32L0xx_HAL_Driver/Src/stm32l0xx_hal_uart.o
                0x0000000008002418                UART_WaitOnFlagUntilTimeout
 *fill*         0x00000000080024ea        0x2 
 .text.UART_EndRxTransfer
                0x00000000080024ec       0xc8 ./Drivers/STM32L0xx_HAL_Driver/Src/stm32l0xx_hal_uart.o
 .text.memset   0x00000000080025b4       0x10 C:/ST/STM32CubeIDE_1.9.0/STM32CubeIDE/plugins/com.st.stm32cube.ide.mcu.externaltools.gnu-tools-for-stm32.11.3.rel1.win32_1.1.1.202309131626/tools/bin/../lib/gcc/arm-none-eabi/11.3.1/../../../../arm-none-eabi/lib/thumb/v6-m/nofp\libc_nano.a(libc_a-memset.o)
                0x00000000080025b4                memset
 .text.__libc_init_array
                0x00000000080025c4       0x48 C:/ST/STM32CubeIDE_1.9.0/STM32CubeIDE/plugins/com.st.stm32cube.ide.mcu.externaltools.gnu-tools-for-stm32.11.3.rel1.win32_1.1.1.202309131626/tools/bin/../lib/gcc/arm-none-eabi/11.3.1/../../../../arm-none-eabi/lib/thumb/v6-m/nofp\libc_nano.a(libc_a-init.o)
                0x00000000080025c4                __libc_init_array
 *(.glue_7)
 .glue_7        0x000000000800260c        0x0 linker stubs
 *(.glue_7t)
 .glue_7t       0x000000000800260c        0x0 linker stubs
 *(.eh_frame)
 .eh_frame      0x000000000800260c        0x0 C:/ST/STM32CubeIDE_1.9.0/STM32CubeIDE/plugins/com.st.stm32cube.ide.mcu.externaltools.gnu-tools-for-stm32.11.3.rel1.win32_1.1.1.202309131626/tools/bin/../lib/gcc/arm-none-eabi/11.3.1/thumb/v6-m/nofp/crtbegin.o
 *(.init)
 .init          0x000000000800260c        0x4 C:/ST/STM32CubeIDE_1.9.0/STM32CubeIDE/plugins/com.st.stm32cube.ide.mcu.externaltools.gnu-tools-for-stm32.11.3.rel1.win32_1.1.1.202309131626/tools/bin/../lib/gcc/arm-none-eabi/11.3.1/thumb/v6-m/nofp/crti.o
                0x000000000800260c                _init
 .init          0x0000000008002610        0x8 C:/ST/STM32CubeIDE_1.9.0/STM32CubeIDE/plugins/com.st.stm32cube.ide.mcu.externaltools.gnu-tools-for-stm32.11.3.rel1.win32_1.1.1.202309131626/tools/bin/../lib/gcc/arm-none-eabi/11.3.1/thumb/v6-m/nofp/crtn.o
 *(.fini)
 .fini          0x0000000008002618        0x4 C:/ST/STM32CubeIDE_1.9.0/STM32CubeIDE/plugins/com.st.stm32cube.ide.mcu.externaltools.gnu-tools-for-stm32.11.3.rel1.win32_1.1.1.202309131626/tools/bin/../lib/gcc/arm-none-eabi/11.3.1/thumb/v6-m/nofp/crti.o
                0x0000000008002618                _fini
 .fini          0x000000000800261c        0x8 C:/ST/STM32CubeIDE_1.9.0/STM32CubeIDE/plugins/com.st.stm32cube.ide.mcu.externaltools.gnu-tools-for-stm32.11.3.rel1.win32_1.1.1.202309131626/tools/bin/../lib/gcc/arm-none-eabi/11.3.1/thumb/v6-m/nofp/crtn.o
                0x0000000008002624                . = ALIGN (0x4)
                0x0000000008002624                _etext = .

.vfp11_veneer   0x0000000008002624        0x0
 .vfp11_veneer  0x0000000008002624        0x0 linker stubs

.v4_bx          0x0000000008002624        0x0
 .v4_bx         0x0000000008002624        0x0 linker stubs

.iplt           0x0000000008002624        0x0
 .iplt          0x0000000008002624        0x0 C:/ST/STM32CubeIDE_1.9.0/STM32CubeIDE/plugins/com.st.stm32cube.ide.mcu.externaltools.gnu-tools-for-stm32.11.3.rel1.win32_1.1.1.202309131626/tools/bin/../lib/gcc/arm-none-eabi/11.3.1/thumb/v6-m/nofp/crtbegin.o

.rodata         0x0000000008002624       0x6c
                0x0000000008002624                . = ALIGN (0x4)
 *(.rodata)
 *(.rodata*)
 .rodata.AHBPrescTable
                0x0000000008002624       0x10 ./Core/Src/system_stm32l0xx.o
                0x0000000008002624                AHBPrescTable
 .rodata.APBPrescTable
                0x0000000008002634        0x8 ./Core/Src/system_stm32l0xx.o
                0x0000000008002634                APBPrescTable
 .rodata.PLLMulTable
                0x000000000800263c        0x9 ./Core/Src/system_stm32l0xx.o
                0x000000000800263c                PLLMulTable
 *fill*         0x0000000008002645        0x3 
 .rodata.UART_SetConfig
                0x0000000008002648       0x48 ./Drivers/STM32L0xx_HAL_Driver/Src/stm32l0xx_hal_uart.o
                0x0000000008002690                . = ALIGN (0x4)

.ARM.extab      0x0000000008002690        0x0
                0x0000000008002690                . = ALIGN (0x4)
 *(.ARM.extab* .gnu.linkonce.armextab.*)
                0x0000000008002690                . = ALIGN (0x4)

.ARM            0x0000000008002690        0x8
                0x0000000008002690                . = ALIGN (0x4)
                0x0000000008002690                __exidx_start = .
 *(.ARM.exidx*)
 .ARM.exidx     0x0000000008002690        0x8 C:/ST/STM32CubeIDE_1.9.0/STM32CubeIDE/plugins/com.st.stm32cube.ide.mcu.externaltools.gnu-tools-for-stm32.11.3.rel1.win32_1.1.1.202309131626/tools/bin/../lib/gcc/arm-none-eabi/11.3.1/thumb/v6-m/nofp\libgcc.a(_udivmoddi4.o)
                0x0000000008002698                __exidx_end = .
                0x0000000008002698                . = ALIGN (0x4)

.rel.dyn        0x0000000008002698        0x0
 .rel.iplt      0x0000000008002698        0x0 C:/ST/STM32CubeIDE_1.9.0/STM32CubeIDE/plugins/com.st.stm32cube.ide.mcu.externaltools.gnu-tools-for-stm32.11.3.rel1.win32_1.1.1.202309131626/tools/bin/../lib/gcc/arm-none-eabi/11.3.1/thumb/v6-m/nofp/crtbegin.o

.preinit_array  0x0000000008002698        0x0
                0x0000000008002698                . = ALIGN (0x4)
                0x0000000008002698                PROVIDE (__preinit_array_start = .)
 *(.preinit_array*)
                0x0000000008002698                PROVIDE (__preinit_array_end = .)
                0x0000000008002698                . = ALIGN (0x4)

.init_array     0x0000000008002698        0x4
                0x0000000008002698                . = ALIGN (0x4)
                0x0000000008002698                PROVIDE (__init_array_start = .)
 *(SORT_BY_NAME(.init_array.*))
 *(.init_array*)
 .init_array    0x0000000008002698        0x4 C:/ST/STM32CubeIDE_1.9.0/STM32CubeIDE/plugins/com.st.stm32cube.ide.mcu.externaltools.gnu-tools-for-stm32.11.3.rel1.win32_1.1.1.202309131626/tools/bin/../lib/gcc/arm-none-eabi/11.3.1/thumb/v6-m/nofp/crtbegin.o
                0x000000000800269c                PROVIDE (__init_array_end = .)
                0x000000000800269c                . = ALIGN (0x4)

.fini_array     0x000000000800269c        0x4
                0x000000000800269c                . = ALIGN (0x4)
                [!provide]                        PROVIDE (__fini_array_start = .)
 *(SORT_BY_NAME(.fini_array.*))
 *(.fini_array*)
 .fini_array    0x000000000800269c        0x4 C:/ST/STM32CubeIDE_1.9.0/STM32CubeIDE/plugins/com.st.stm32cube.ide.mcu.externaltools.gnu-tools-for-stm32.11.3.rel1.win32_1.1.1.202309131626/tools/bin/../lib/gcc/arm-none-eabi/11.3.1/thumb/v6-m/nofp/crtbegin.o
                [!provide]                        PROVIDE (__fini_array_end = .)
                0x00000000080026a0                . = ALIGN (0x4)
                0x00000000080026a0                _sidata = LOADADDR (.data)

.data           0x0000000020000000        0xc load address 0x00000000080026a0
                0x0000000020000000                . = ALIGN (0x4)
                0x0000000020000000                _sdata = .
 *(.data)
 *(.data*)
 .data.SystemCoreClock
                0x0000000020000000        0x4 ./Core/Src/system_stm32l0xx.o
                0x0000000020000000                SystemCoreClock
 .data.uwTickPrio
                0x0000000020000004        0x4 ./Drivers/STM32L0xx_HAL_Driver/Src/stm32l0xx_hal.o
                0x0000000020000004                uwTickPrio
 .data.uwTickFreq
                0x0000000020000008        0x1 ./Drivers/STM32L0xx_HAL_Driver/Src/stm32l0xx_hal.o
                0x0000000020000008                uwTickFreq
 *(.RamFunc)
 *(.RamFunc*)
                0x000000002000000c                . = ALIGN (0x4)
 *fill*         0x0000000020000009        0x3 
                0x000000002000000c                _edata = .

.igot.plt       0x000000002000000c        0x0 load address 0x00000000080026ac
 .igot.plt      0x000000002000000c        0x0 C:/ST/STM32CubeIDE_1.9.0/STM32CubeIDE/plugins/com.st.stm32cube.ide.mcu.externaltools.gnu-tools-for-stm32.11.3.rel1.win32_1.1.1.202309131626/tools/bin/../lib/gcc/arm-none-eabi/11.3.1/thumb/v6-m/nofp/crtbegin.o
                0x000000002000000c                . = ALIGN (0x4)

.bss            0x000000002000000c       0xa8 load address 0x00000000080026ac
                0x000000002000000c                _sbss = .
                0x000000002000000c                __bss_start__ = _sbss
 *(.bss)
 .bss           0x000000002000000c       0x1c C:/ST/STM32CubeIDE_1.9.0/STM32CubeIDE/plugins/com.st.stm32cube.ide.mcu.externaltools.gnu-tools-for-stm32.11.3.rel1.win32_1.1.1.202309131626/tools/bin/../lib/gcc/arm-none-eabi/11.3.1/thumb/v6-m/nofp/crtbegin.o
 *(.bss*)
 .bss.huart2    0x0000000020000028       0x88 ./Core/Src/main.o
                0x0000000020000028                huart2
 .bss.uwTick    0x00000000200000b0        0x4 ./Drivers/STM32L0xx_HAL_Driver/Src/stm32l0xx_hal.o
                0x00000000200000b0                uwTick
 *(COMMON)
                0x00000000200000b4                . = ALIGN (0x4)
                0x00000000200000b4                _ebss = .
                0x00000000200000b4                __bss_end__ = _ebss

._user_heap_stack
                0x00000000200000b4      0x604 load address 0x00000000080026ac
                0x00000000200000b8                . = ALIGN (0x8)
 *fill*         0x00000000200000b4        0x4 
                [!provide]                        PROVIDE (end = .)
                0x00000000200000b8                PROVIDE (_end = .)
                0x00000000200002b8                . = (. + _Min_Heap_Size)
 *fill*         0x00000000200000b8      0x200 
                0x00000000200006b8                . = (. + _Min_Stack_Size)
 *fill*         0x00000000200002b8      0x400 
                0x00000000200006b8                . = ALIGN (0x8)

/DISCARD/
 libc.a(*)
 libm.a(*)
 libgcc.a(*)

.ARM.attributes
                0x0000000000000000       0x28
 *(.ARM.attributes)
 .ARM.attributes
                0x0000000000000000       0x1e C:/ST/STM32CubeIDE_1.9.0/STM32CubeIDE/plugins/com.st.stm32cube.ide.mcu.externaltools.gnu-tools-for-stm32.11.3.rel1.win32_1.1.1.202309131626/tools/bin/../lib/gcc/arm-none-eabi/11.3.1/thumb/v6-m/nofp/crti.o
 .ARM.attributes
                0x000000000000001e       0x2c C:/ST/STM32CubeIDE_1.9.0/STM32CubeIDE/plugins/com.st.stm32cube.ide.mcu.externaltools.gnu-tools-for-stm32.11.3.rel1.win32_1.1.1.202309131626/tools/bin/../lib/gcc/arm-none-eabi/11.3.1/thumb/v6-m/nofp/crtbegin.o
 .ARM.attributes
                0x000000000000004a       0x2c ./Core/Src/hal.o
 .ARM.attributes
                0x0000000000000076       0x2c ./Core/Src/main.o
 .ARM.attributes
                0x00000000000000a2       0x2c ./Core/Src/stm32l0xx_hal_msp.o
 .ARM.attributes
                0x00000000000000ce       0x2c ./Core/Src/stm32l0xx_it.o
 .ARM.attributes
                0x00000000000000fa       0x2c ./Core/Src/system_stm32l0xx.o
 .ARM.attributes
                0x0000000000000126       0x22 ./Core/Startup/startup_stm32l010c6tx.o
 .ARM.attributes
                0x0000000000000148       0x2c ./Drivers/STM32L0xx_HAL_Driver/Src/stm32l0xx_hal.o
 .ARM.attributes
                0x0000000000000174       0x2c ./Drivers/STM32L0xx_HAL_Driver/Src/stm32l0xx_hal_cortex.o
 .ARM.attributes
                0x00000000000001a0       0x2c ./Drivers/STM32L0xx_HAL_Driver/Src/stm32l0xx_hal_gpio.o
 .ARM.attributes
                0x00000000000001cc       0x2c ./Drivers/STM32L0xx_HAL_Driver/Src/stm32l0xx_hal_rcc.o
 .ARM.attributes
                0x00000000000001f8       0x2c ./Drivers/STM32L0xx_HAL_Driver/Src/stm32l0xx_hal_rcc_ex.o
 .ARM.attributes
                0x0000000000000224       0x2c ./Drivers/STM32L0xx_HAL_Driver/Src/stm32l0xx_hal_uart.o
 .ARM.attributes
                0x0000000000000250       0x2c C:/ST/STM32CubeIDE_1.9.0/STM32CubeIDE/plugins/com.st.stm32cube.ide.mcu.externaltools.gnu-tools-for-stm32.11.3.rel1.win32_1.1.1.202309131626/tools/bin/../lib/gcc/arm-none-eabi/11.3.1/../../../../arm-none-eabi/lib/thumb/v6-m/nofp\libc_nano.a(libc_a-memset.o)
 .ARM.attributes
                0x000000000000027c       0x2c C:/ST/STM32CubeIDE_1.9.0/STM32CubeIDE/plugins/com.st.stm32cube.ide.mcu.externaltools.gnu-tools-for-stm32.11.3.rel1.win32_1.1.1.202309131626/tools/bin/../lib/gcc/arm-none-eabi/11.3.1/../../../../arm-none-eabi/lib/thumb/v6-m/nofp\libc_nano.a(libc_a-init.o)
 .ARM.attributes
                0x00000000000002a8       0x1e C:/ST/STM32CubeIDE_1.9.0/STM32CubeIDE/plugins/com.st.stm32cube.ide.mcu.externaltools.gnu-tools-for-stm32.11.3.rel1.win32_1.1.1.202309131626/tools/bin/../lib/gcc/arm-none-eabi/11.3.1/thumb/v6-m/nofp\libgcc.a(_udivsi3.o)
 .ARM.attributes
                0x00000000000002c6       0x1e C:/ST/STM32CubeIDE_1.9.0/STM32CubeIDE/plugins/com.st.stm32cube.ide.mcu.externaltools.gnu-tools-for-stm32.11.3.rel1.win32_1.1.1.202309131626/tools/bin/../lib/gcc/arm-none-eabi/11.3.1/thumb/v6-m/nofp\libgcc.a(_dvmd_tls.o)
 .ARM.attributes
                0x00000000000002e4       0x1e C:/ST/STM32CubeIDE_1.9.0/STM32CubeIDE/plugins/com.st.stm32cube.ide.mcu.externaltools.gnu-tools-for-stm32.11.3.rel1.win32_1.1.1.202309131626/tools/bin/../lib/gcc/arm-none-eabi/11.3.1/thumb/v6-m/nofp\libgcc.a(_aeabi_uldivmod.o)
 .ARM.attributes
                0x0000000000000302       0x2c C:/ST/STM32CubeIDE_1.9.0/STM32CubeIDE/plugins/com.st.stm32cube.ide.mcu.externaltools.gnu-tools-for-stm32.11.3.rel1.win32_1.1.1.202309131626/tools/bin/../lib/gcc/arm-none-eabi/11.3.1/thumb/v6-m/nofp\libgcc.a(_muldi3.o)
 .ARM.attributes
                0x000000000000032e       0x2c C:/ST/STM32CubeIDE_1.9.0/STM32CubeIDE/plugins/com.st.stm32cube.ide.mcu.externaltools.gnu-tools-for-stm32.11.3.rel1.win32_1.1.1.202309131626/tools/bin/../lib/gcc/arm-none-eabi/11.3.1/thumb/v6-m/nofp\libgcc.a(_udivmoddi4.o)
 .ARM.attributes
                0x000000000000035a       0x1e C:/ST/STM32CubeIDE_1.9.0/STM32CubeIDE/plugins/com.st.stm32cube.ide.mcu.externaltools.gnu-tools-for-stm32.11.3.rel1.win32_1.1.1.202309131626/tools/bin/../lib/gcc/arm-none-eabi/11.3.1/thumb/v6-m/nofp\libgcc.a(_clzdi2.o)
 .ARM.attributes
                0x0000000000000378       0x1e C:/ST/STM32CubeIDE_1.9.0/STM32CubeIDE/plugins/com.st.stm32cube.ide.mcu.externaltools.gnu-tools-for-stm32.11.3.rel1.win32_1.1.1.202309131626/tools/bin/../lib/gcc/arm-none-eabi/11.3.1/thumb/v6-m/nofp\libgcc.a(_clzsi2.o)
 .ARM.attributes
                0x0000000000000396       0x1e C:/ST/STM32CubeIDE_1.9.0/STM32CubeIDE/plugins/com.st.stm32cube.ide.mcu.externaltools.gnu-tools-for-stm32.11.3.rel1.win32_1.1.1.202309131626/tools/bin/../lib/gcc/arm-none-eabi/11.3.1/thumb/v6-m/nofp/crtn.o
OUTPUT(22-008_Voiture_RC.elf elf32-littlearm)
LOAD linker stubs
LOAD C:/ST/STM32CubeIDE_1.9.0/STM32CubeIDE/plugins/com.st.stm32cube.ide.mcu.externaltools.gnu-tools-for-stm32.11.3.rel1.win32_1.1.1.202309131626/tools/bin/../lib/gcc/arm-none-eabi/11.3.1/../../../../arm-none-eabi/lib/thumb/v6-m/nofp\libc.a
LOAD C:/ST/STM32CubeIDE_1.9.0/STM32CubeIDE/plugins/com.st.stm32cube.ide.mcu.externaltools.gnu-tools-for-stm32.11.3.rel1.win32_1.1.1.202309131626/tools/bin/../lib/gcc/arm-none-eabi/11.3.1/../../../../arm-none-eabi/lib/thumb/v6-m/nofp\libm.a
LOAD C:/ST/STM32CubeIDE_1.9.0/STM32CubeIDE/plugins/com.st.stm32cube.ide.mcu.externaltools.gnu-tools-for-stm32.11.3.rel1.win32_1.1.1.202309131626/tools/bin/../lib/gcc/arm-none-eabi/11.3.1/thumb/v6-m/nofp\libgcc.a

.comment        0x0000000000000000       0x43
 .comment       0x0000000000000000       0x43 C:/ST/STM32CubeIDE_1.9.0/STM32CubeIDE/plugins/com.st.stm32cube.ide.mcu.externaltools.gnu-tools-for-stm32.11.3.rel1.win32_1.1.1.202309131626/tools/bin/../lib/gcc/arm-none-eabi/11.3.1/thumb/v6-m/nofp/crtbegin.o
                                         0x44 (size before relaxing)
 .comment       0x0000000000000043       0x44 ./Core/Src/hal.o
 .comment       0x0000000000000043       0x44 ./Core/Src/main.o
 .comment       0x0000000000000043       0x44 ./Core/Src/stm32l0xx_hal_msp.o
 .comment       0x0000000000000043       0x44 ./Core/Src/stm32l0xx_it.o
 .comment       0x0000000000000043       0x44 ./Core/Src/system_stm32l0xx.o
 .comment       0x0000000000000043       0x44 ./Drivers/STM32L0xx_HAL_Driver/Src/stm32l0xx_hal.o
 .comment       0x0000000000000043       0x44 ./Drivers/STM32L0xx_HAL_Driver/Src/stm32l0xx_hal_cortex.o
 .comment       0x0000000000000043       0x44 ./Drivers/STM32L0xx_HAL_Driver/Src/stm32l0xx_hal_gpio.o
 .comment       0x0000000000000043       0x44 ./Drivers/STM32L0xx_HAL_Driver/Src/stm32l0xx_hal_rcc.o
 .comment       0x0000000000000043       0x44 ./Drivers/STM32L0xx_HAL_Driver/Src/stm32l0xx_hal_rcc_ex.o
 .comment       0x0000000000000043       0x44 ./Drivers/STM32L0xx_HAL_Driver/Src/stm32l0xx_hal_uart.o

.debug_info     0x0000000000000000     0x794f
 .debug_info    0x0000000000000000      0x237 ./Core/Src/hal.o
 .debug_info    0x0000000000000237      0xcbe ./Core/Src/main.o
 .debug_info    0x0000000000000ef5      0x910 ./Core/Src/stm32l0xx_hal_msp.o
 .debug_info    0x0000000000001805       0xd3 ./Core/Src/stm32l0xx_it.o
 .debug_info    0x00000000000018d8      0x2d0 ./Core/Src/system_stm32l0xx.o
 .debug_info    0x0000000000001ba8       0x23 ./Core/Startup/startup_stm32l010c6tx.o
 .debug_info    0x0000000000001bcb      0x80c ./Drivers/STM32L0xx_HAL_Driver/Src/stm32l0xx_hal.o
 .debug_info    0x00000000000023d7      0x66c ./Drivers/STM32L0xx_HAL_Driver/Src/stm32l0xx_hal_cortex.o
 .debug_info    0x0000000000002a43      0x62c ./Drivers/STM32L0xx_HAL_Driver/Src/stm32l0xx_hal_gpio.o
 .debug_info    0x000000000000306f      0x943 ./Drivers/STM32L0xx_HAL_Driver/Src/stm32l0xx_hal_rcc.o
 .debug_info    0x00000000000039b2      0x46d ./Drivers/STM32L0xx_HAL_Driver/Src/stm32l0xx_hal_rcc_ex.o
 .debug_info    0x0000000000003e1f     0x3b30 ./Drivers/STM32L0xx_HAL_Driver/Src/stm32l0xx_hal_uart.o

.debug_abbrev   0x0000000000000000     0x14e8
 .debug_abbrev  0x0000000000000000      0x12c ./Core/Src/hal.o
 .debug_abbrev  0x000000000000012c      0x257 ./Core/Src/main.o
 .debug_abbrev  0x0000000000000383      0x19e ./Core/Src/stm32l0xx_hal_msp.o
 .debug_abbrev  0x0000000000000521       0x73 ./Core/Src/stm32l0xx_it.o
 .debug_abbrev  0x0000000000000594      0x11c ./Core/Src/system_stm32l0xx.o
 .debug_abbrev  0x00000000000006b0       0x12 ./Core/Startup/startup_stm32l010c6tx.o
 .debug_abbrev  0x00000000000006c2      0x2a4 ./Drivers/STM32L0xx_HAL_Driver/Src/stm32l0xx_hal.o
 .debug_abbrev  0x0000000000000966      0x26f ./Drivers/STM32L0xx_HAL_Driver/Src/stm32l0xx_hal_cortex.o
 .debug_abbrev  0x0000000000000bd5      0x1cb ./Drivers/STM32L0xx_HAL_Driver/Src/stm32l0xx_hal_gpio.o
 .debug_abbrev  0x0000000000000da0      0x296 ./Drivers/STM32L0xx_HAL_Driver/Src/stm32l0xx_hal_rcc.o
 .debug_abbrev  0x0000000000001036      0x1d2 ./Drivers/STM32L0xx_HAL_Driver/Src/stm32l0xx_hal_rcc_ex.o
 .debug_abbrev  0x0000000000001208      0x2e0 ./Drivers/STM32L0xx_HAL_Driver/Src/stm32l0xx_hal_uart.o

.debug_aranges  0x0000000000000000      0x650
 .debug_aranges
                0x0000000000000000       0x28 ./Core/Src/hal.o
 .debug_aranges
                0x0000000000000028       0x40 ./Core/Src/main.o
 .debug_aranges
                0x0000000000000068       0x30 ./Core/Src/stm32l0xx_hal_msp.o
 .debug_aranges
                0x0000000000000098       0x40 ./Core/Src/stm32l0xx_it.o
 .debug_aranges
                0x00000000000000d8       0x28 ./Core/Src/system_stm32l0xx.o
 .debug_aranges
                0x0000000000000100       0x28 ./Core/Startup/startup_stm32l010c6tx.o
 .debug_aranges
                0x0000000000000128      0x110 ./Drivers/STM32L0xx_HAL_Driver/Src/stm32l0xx_hal.o
 .debug_aranges
                0x0000000000000238       0xc0 ./Drivers/STM32L0xx_HAL_Driver/Src/stm32l0xx_hal_cortex.o
 .debug_aranges
                0x00000000000002f8       0x58 ./Drivers/STM32L0xx_HAL_Driver/Src/stm32l0xx_hal_gpio.o
 .debug_aranges
                0x0000000000000350       0x80 ./Drivers/STM32L0xx_HAL_Driver/Src/stm32l0xx_hal_rcc.o
 .debug_aranges
                0x00000000000003d0       0x58 ./Drivers/STM32L0xx_HAL_Driver/Src/stm32l0xx_hal_rcc_ex.o
 .debug_aranges
                0x0000000000000428      0x228 ./Drivers/STM32L0xx_HAL_Driver/Src/stm32l0xx_hal_uart.o

.debug_rnglists
                0x0000000000000000      0x4d3
 .debug_rnglists
                0x0000000000000000       0x19 ./Core/Src/hal.o
 .debug_rnglists
                0x0000000000000019       0x2d ./Core/Src/main.o
 .debug_rnglists
                0x0000000000000046       0x20 ./Core/Src/stm32l0xx_hal_msp.o
 .debug_rnglists
                0x0000000000000066       0x2b ./Core/Src/stm32l0xx_it.o
 .debug_rnglists
                0x0000000000000091       0x1a ./Core/Src/system_stm32l0xx.o
 .debug_rnglists
                0x00000000000000ab       0x1a ./Core/Startup/startup_stm32l010c6tx.o
 .debug_rnglists
                0x00000000000000c5       0xc7 ./Drivers/STM32L0xx_HAL_Driver/Src/stm32l0xx_hal.o
 .debug_rnglists
                0x000000000000018c       0x8c ./Drivers/STM32L0xx_HAL_Driver/Src/stm32l0xx_hal_cortex.o
 .debug_rnglists
                0x0000000000000218       0x3f ./Drivers/STM32L0xx_HAL_Driver/Src/stm32l0xx_hal_gpio.o
 .debug_rnglists
                0x0000000000000257       0x61 ./Drivers/STM32L0xx_HAL_Driver/Src/stm32l0xx_hal_rcc.o
 .debug_rnglists
                0x00000000000002b8       0x40 ./Drivers/STM32L0xx_HAL_Driver/Src/stm32l0xx_hal_rcc_ex.o
 .debug_rnglists
                0x00000000000002f8      0x1db ./Drivers/STM32L0xx_HAL_Driver/Src/stm32l0xx_hal_uart.o

.debug_macro    0x0000000000000000     0xfc6b
 .debug_macro   0x0000000000000000      0x1cb ./Core/Src/hal.o
 .debug_macro   0x00000000000001cb      0xa7e ./Core/Src/hal.o
 .debug_macro   0x0000000000000c49       0x22 ./Core/Src/hal.o
 .debug_macro   0x0000000000000c6b       0x8e ./Core/Src/hal.o
 .debug_macro   0x0000000000000cf9       0x51 ./Core/Src/hal.o
 .debug_macro   0x0000000000000d4a      0x103 ./Core/Src/hal.o
 .debug_macro   0x0000000000000e4d       0x6a ./Core/Src/hal.o
 .debug_macro   0x0000000000000eb7      0x1df ./Core/Src/hal.o
 .debug_macro   0x0000000000001096       0x22 ./Core/Src/hal.o
 .debug_macro   0x00000000000010b8      0x11f ./Core/Src/hal.o
 .debug_macro   0x00000000000011d7       0x2e ./Core/Src/hal.o
 .debug_macro   0x0000000000001205       0x28 ./Core/Src/hal.o
 .debug_macro   0x000000000000122d       0x1c ./Core/Src/hal.o
 .debug_macro   0x0000000000001249       0x22 ./Core/Src/hal.o
 .debug_macro   0x000000000000126b       0xaf ./Core/Src/hal.o
 .debug_macro   0x000000000000131a      0x3ad ./Core/Src/hal.o
 .debug_macro   0x00000000000016c7     0x7a30 ./Core/Src/hal.o
 .debug_macro   0x00000000000090f7       0x66 ./Core/Src/hal.o
 .debug_macro   0x000000000000915d     0x3589 ./Core/Src/hal.o
 .debug_macro   0x000000000000c6e6      0x174 ./Core/Src/hal.o
 .debug_macro   0x000000000000c85a       0x5c ./Core/Src/hal.o
 .debug_macro   0x000000000000c8b6      0x89f ./Core/Src/hal.o
 .debug_macro   0x000000000000d155      0x42e ./Core/Src/hal.o
 .debug_macro   0x000000000000d583      0x189 ./Core/Src/hal.o
 .debug_macro   0x000000000000d70c      0x13f ./Core/Src/hal.o
 .debug_macro   0x000000000000d84b       0xff ./Core/Src/hal.o
 .debug_macro   0x000000000000d94a       0x82 ./Core/Src/hal.o
 .debug_macro   0x000000000000d9cc      0x24f ./Core/Src/hal.o
 .debug_macro   0x000000000000dc1b       0x28 ./Core/Src/hal.o
 .debug_macro   0x000000000000dc43      0x128 ./Core/Src/hal.o
 .debug_macro   0x000000000000dd6b      0x1bd ./Core/Src/hal.o
 .debug_macro   0x000000000000df28      0x22c ./Core/Src/hal.o
 .debug_macro   0x000000000000e154       0x5b ./Core/Src/hal.o
 .debug_macro   0x000000000000e1af       0xa5 ./Core/Src/hal.o
 .debug_macro   0x000000000000e254       0xb6 ./Core/Src/hal.o
 .debug_macro   0x000000000000e30a       0x16 ./Core/Src/hal.o
 .debug_macro   0x000000000000e320      0x5cf ./Core/Src/hal.o
 .debug_macro   0x000000000000e8ef       0x44 ./Core/Src/hal.o
 .debug_macro   0x000000000000e933      0x100 ./Core/Src/hal.o
 .debug_macro   0x000000000000ea33       0x52 ./Core/Src/hal.o
 .debug_macro   0x000000000000ea85      0x1d1 ./Core/Src/main.o
 .debug_macro   0x000000000000ec56       0x4c ./Core/Src/main.o
 .debug_macro   0x000000000000eca2      0x1be ./Core/Src/stm32l0xx_hal_msp.o
 .debug_macro   0x000000000000ee60      0x1c8 ./Core/Src/stm32l0xx_it.o
 .debug_macro   0x000000000000f028      0x1af ./Core/Src/system_stm32l0xx.o
 .debug_macro   0x000000000000f1d7      0x1d3 ./Drivers/STM32L0xx_HAL_Driver/Src/stm32l0xx_hal.o
 .debug_macro   0x000000000000f3aa      0x1af ./Drivers/STM32L0xx_HAL_Driver/Src/stm32l0xx_hal_cortex.o
 .debug_macro   0x000000000000f559      0x1b6 ./Drivers/STM32L0xx_HAL_Driver/Src/stm32l0xx_hal_gpio.o
 .debug_macro   0x000000000000f70f      0x1d3 ./Drivers/STM32L0xx_HAL_Driver/Src/stm32l0xx_hal_rcc.o
 .debug_macro   0x000000000000f8e2      0x1af ./Drivers/STM32L0xx_HAL_Driver/Src/stm32l0xx_hal_rcc_ex.o
 .debug_macro   0x000000000000fa91      0x1da ./Drivers/STM32L0xx_HAL_Driver/Src/stm32l0xx_hal_uart.o

.debug_line     0x0000000000000000     0x8e0f
 .debug_line    0x0000000000000000      0x763 ./Core/Src/hal.o
 .debug_line    0x0000000000000763      0x889 ./Core/Src/main.o
 .debug_line    0x0000000000000fec      0x786 ./Core/Src/stm32l0xx_hal_msp.o
 .debug_line    0x0000000000001772      0x79d ./Core/Src/stm32l0xx_it.o
 .debug_line    0x0000000000001f0f      0x7e9 ./Core/Src/system_stm32l0xx.o
 .debug_line    0x00000000000026f8       0x8d ./Core/Startup/startup_stm32l010c6tx.o
 .debug_line    0x0000000000002785      0xa8c ./Drivers/STM32L0xx_HAL_Driver/Src/stm32l0xx_hal.o
 .debug_line    0x0000000000003211      0xa63 ./Drivers/STM32L0xx_HAL_Driver/Src/stm32l0xx_hal_cortex.o
 .debug_line    0x0000000000003c74      0xb06 ./Drivers/STM32L0xx_HAL_Driver/Src/stm32l0xx_hal_gpio.o
 .debug_line    0x000000000000477a      0xec2 ./Drivers/STM32L0xx_HAL_Driver/Src/stm32l0xx_hal_rcc.o
 .debug_line    0x000000000000563c      0xa8f ./Drivers/STM32L0xx_HAL_Driver/Src/stm32l0xx_hal_rcc_ex.o
 .debug_line    0x00000000000060cb     0x2d44 ./Drivers/STM32L0xx_HAL_Driver/Src/stm32l0xx_hal_uart.o

.debug_str      0x0000000000000000    0x5f7ea
 .debug_str     0x0000000000000000    0x5d9a1 ./Core/Src/hal.o
                                      0x5dc82 (size before relaxing)
 .debug_str     0x000000000005d9a1      0x7ad ./Core/Src/main.o
                                      0x5e3fe (size before relaxing)
 .debug_str     0x000000000005e14e       0x66 ./Core/Src/stm32l0xx_hal_msp.o
                                      0x5e0c1 (size before relaxing)
 .debug_str     0x000000000005e1b4       0x82 ./Core/Src/stm32l0xx_it.o
                                      0x5db86 (size before relaxing)
 .debug_str     0x000000000005e236       0x99 ./Core/Src/system_stm32l0xx.o
                                      0x5db5e (size before relaxing)
 .debug_str     0x000000000005e2cf       0x34 ./Core/Startup/startup_stm32l010c6tx.o
                                         0x7c (size before relaxing)
 .debug_str     0x000000000005e303      0x586 ./Drivers/STM32L0xx_HAL_Driver/Src/stm32l0xx_hal.o
                                      0x5e1ec (size before relaxing)
 .debug_str     0x000000000005e889      0x1d7 ./Drivers/STM32L0xx_HAL_Driver/Src/stm32l0xx_hal_cortex.o
                                      0x5de41 (size before relaxing)
 .debug_str     0x000000000005ea60       0xf9 ./Drivers/STM32L0xx_HAL_Driver/Src/stm32l0xx_hal_gpio.o
                                      0x5dcfe (size before relaxing)
 .debug_str     0x000000000005eb59      0x25e ./Drivers/STM32L0xx_HAL_Driver/Src/stm32l0xx_hal_rcc.o
                                      0x5e006 (size before relaxing)
 .debug_str     0x000000000005edb7      0x120 ./Drivers/STM32L0xx_HAL_Driver/Src/stm32l0xx_hal_rcc_ex.o
                                      0x5dd62 (size before relaxing)
 .debug_str     0x000000000005eed7      0x913 ./Drivers/STM32L0xx_HAL_Driver/Src/stm32l0xx_hal_uart.o
                                      0x5e91e (size before relaxing)

.debug_frame    0x0000000000000000     0x1560
 .debug_frame   0x0000000000000000       0x4c ./Core/Src/hal.o
 .debug_frame   0x000000000000004c       0xa8 ./Core/Src/main.o
 .debug_frame   0x00000000000000f4       0x6c ./Core/Src/stm32l0xx_hal_msp.o
 .debug_frame   0x0000000000000160       0x9c ./Core/Src/stm32l0xx_it.o
 .debug_frame   0x00000000000001fc       0x4c ./Core/Src/system_stm32l0xx.o
 .debug_frame   0x0000000000000248      0x394 ./Drivers/STM32L0xx_HAL_Driver/Src/stm32l0xx_hal.o
 .debug_frame   0x00000000000005dc      0x2a0 ./Drivers/STM32L0xx_HAL_Driver/Src/stm32l0xx_hal_cortex.o
 .debug_frame   0x000000000000087c      0x110 ./Drivers/STM32L0xx_HAL_Driver/Src/stm32l0xx_hal_gpio.o
 .debug_frame   0x000000000000098c      0x1a8 ./Drivers/STM32L0xx_HAL_Driver/Src/stm32l0xx_hal_rcc.o
 .debug_frame   0x0000000000000b34       0xfc ./Drivers/STM32L0xx_HAL_Driver/Src/stm32l0xx_hal_rcc_ex.o
 .debug_frame   0x0000000000000c30      0x854 ./Drivers/STM32L0xx_HAL_Driver/Src/stm32l0xx_hal_uart.o
 .debug_frame   0x0000000000001484       0x20 C:/ST/STM32CubeIDE_1.9.0/STM32CubeIDE/plugins/com.st.stm32cube.ide.mcu.externaltools.gnu-tools-for-stm32.11.3.rel1.win32_1.1.1.202309131626/tools/bin/../lib/gcc/arm-none-eabi/11.3.1/../../../../arm-none-eabi/lib/thumb/v6-m/nofp\libc_nano.a(libc_a-memset.o)
 .debug_frame   0x00000000000014a4       0x2c C:/ST/STM32CubeIDE_1.9.0/STM32CubeIDE/plugins/com.st.stm32cube.ide.mcu.externaltools.gnu-tools-for-stm32.11.3.rel1.win32_1.1.1.202309131626/tools/bin/../lib/gcc/arm-none-eabi/11.3.1/../../../../arm-none-eabi/lib/thumb/v6-m/nofp\libc_nano.a(libc_a-init.o)
 .debug_frame   0x00000000000014d0       0x20 C:/ST/STM32CubeIDE_1.9.0/STM32CubeIDE/plugins/com.st.stm32cube.ide.mcu.externaltools.gnu-tools-for-stm32.11.3.rel1.win32_1.1.1.202309131626/tools/bin/../lib/gcc/arm-none-eabi/11.3.1/thumb/v6-m/nofp\libgcc.a(_udivsi3.o)
 .debug_frame   0x00000000000014f0       0x34 C:/ST/STM32CubeIDE_1.9.0/STM32CubeIDE/plugins/com.st.stm32cube.ide.mcu.externaltools.gnu-tools-for-stm32.11.3.rel1.win32_1.1.1.202309131626/tools/bin/../lib/gcc/arm-none-eabi/11.3.1/thumb/v6-m/nofp\libgcc.a(_muldi3.o)
 .debug_frame   0x0000000000001524       0x3c C:/ST/STM32CubeIDE_1.9.0/STM32CubeIDE/plugins/com.st.stm32cube.ide.mcu.externaltools.gnu-tools-for-stm32.11.3.rel1.win32_1.1.1.202309131626/tools/bin/../lib/gcc/arm-none-eabi/11.3.1/thumb/v6-m/nofp\libgcc.a(_udivmoddi4.o)

.debug_line_str
                0x0000000000000000       0x70
 .debug_line_str
                0x0000000000000000       0x70 ./Core/Startup/startup_stm32l010c6tx.o
                                         0x88 (size before relaxing)
